seq1: 10, 5, 23, 56, 8, 92, 5, 7
seq2: 25, 23, 56, 8
containsSequence returned: 0
