seq1: 10, 5, 23, 56, 8, 92, 5, 7
seq2: 8, 92, 7
containsSequence returned: 1
