Rotating right
Tree:
  -7
  / \
 /   \
-9   -4
     / \
    /   \
   -6   -2

#nodes = 5,  #leaves = 3
Infix  : -9 -7 -6 -4 -2 
Prefix : -7 -9 -4 -6 -2 
Postfix: -9 -6 -2 -4 -7 
ByLevel: -7 -9 -4 -6 -2 
