Rotating right
Rotating right
Rotating right
Rotating right
Rotating right
Rotating right
Tree:
        7
       / \
      /   \
     /     \
    3       9
   / \     / \
  2   5   8  10
 /   / \
1   4   6

#nodes = 10,  #leaves = 5
Infix  : 1 2 3 4 5 6 7 8 9 10 
Prefix : 7 3 2 1 5 4 6 9 8 10 
Postfix: 1 2 4 6 5 3 8 10 9 7 
ByLevel: 7 3 9 2 5 8 10 1 4 6 
