Rotating left
Rotating left
Rotating left
Rotating left
Rotating right
Tree:
      4
     / \
    /   \
   /     \
  2      10
 / \     / \
1   3   6  67
       / \
      5   8

#nodes = 9,  #leaves = 5
Infix  : 1 2 3 4 5 6 8 10 67 
Prefix : 4 2 1 3 10 6 5 8 67 
Postfix: 1 3 2 5 8 6 67 10 4 
ByLevel: 4 2 10 1 3 6 67 5 8 
